docs/gecode-7-migration.md:26
docs/gecode-7-migration.md:27
docs/origin-variant-terminology.md:81
examples/origin-variant.cpp:32
examples/origin-variant.cpp:33
examples/perfect-square.cpp:46
examples/scowl.hpp:1089
examples/scowl.hpp:1900
examples/scowl.hpp:2242
examples/scowl.hpp:3414
examples/scowl.hpp:14029
gecode/int/cumulative/tree.hpp:146
gecode/support/run-jobs.hpp:78
gecode/support/run-jobs.hpp:84
gecode/support/run-jobs.hpp:85
gecode/support/run-jobs.hpp:90
gecode/support/run-jobs.hpp:96
gecode/support/run-jobs.hpp:124
gecode/support/run-jobs.hpp:134
gecode/support/run-jobs.hpp:136
gecode/support/run-jobs.hpp:139
gecode/support/run-jobs.hpp:140
gecode/support/run-jobs.hpp:142
gecode/support/run-jobs.hpp:143
gecode/support/run-jobs.hpp:147
gecode/support/run-jobs.hpp:148
gecode/support/run-jobs.hpp:177
gecode/support/run-jobs.hpp:179
gecode/support/run-jobs.hpp:187
gecode/support/run-jobs.hpp:194
gecode/support/run-jobs.hpp:200
gecode/support/run-jobs.hpp:216
gecode/support/run-jobs.hpp:225
gecode/support/run-jobs.hpp:241
gecode/support/run-jobs.hpp:243
gecode/support/run-jobs.hpp:246
gecode/support/run-jobs.hpp:252
gecode/support/run-jobs.hpp:258
gecode/support/run-jobs.hpp:272
gecode/support/run-jobs.hpp:303
gecode/support/run-jobs.hpp:316
gecode/support/run-jobs.hpp:325
gecode/support/run-jobs.hpp:326
gecode/support/run-jobs.hpp:331
gecode/support/run-jobs.hpp:341
gecode/support/run-jobs.hpp:348
gecode/support/run-jobs.hpp:353
gecode/support/run-jobs.hpp:359
gecode/support/run-jobs.hpp:360
gecode/support/run-jobs.hpp:362
test/search/origin-variant-api-fail.cpp:46
test/search/origin-variant-api-fail.cpp:50
changelog.in:343
changelog.in:2936
changelog.in:2969
changelog.in:3319
changelog.in:3320
changelog.in:3321
changelog.in:3444
changelog.in:3728
changelog.in:3906
changelog.in:3907
